A51 MACRO ASSEMBLER  Q4                                                                   12/15/2023 12:41:56 PAGE     1


MACRO ASSEMBLER A51 V8.2.7.0
OBJECT MODULE PLACED IN .\Objects\q4.obj
ASSEMBLER INVOKED BY: C:\Keil_v5\C51\BIN\A51.EXE q4.asm SET(SMALL) DEBUG PRINT(.\Listings\q4.lst) OBJECT(.\Objects\q4.ob
                      j) EP

LOC  OBJ            LINE     SOURCE

0000                   1             ORG 00H
0000 7D00              2     START:  MOV R5, #00H
0002 753EAF            3             MOV 3EH, #0AFH
0005 7912              4             MOV R1, #12H
0007 E53E              5             MOV A, 3EH
0009 C3                6     RESUB:  CLR C
000A 99                7             SUBB A, R1
000B 4003              8             JC SK     
000D 0D                9             INC R5
000E 0109             10             AJMP RESUB
0010 29               11     SK:     ADD A, R1
                      12             ;; R5 quotient
                      13             ;; R4 remainder
0011 FC               14             MOV R4, A
0012 ED               15             MOV A, R5
0013 F580             16             MOV P0, A
0015 111D             17             ACALL DELAY
0017 8C80             18             MOV P0, R4
0019 111D             19             ACALL DELAY
001B 80E3             20             SJMP START
                      21             
001D 7F07             22     DELAY:  MOV R7, #7
001F 7E01             23     HERE1:  MOV R6, #1
0021 7902             24     HERE2:  MOV R1, #2
0023 D9FE             25     HERE3:  DJNZ R1, HERE3
0025 DEFC             26             DJNZ R6, HERE3
0027 DFFA             27             DJNZ R7, HERE3
0029 22               28             RET
                      29             
                      30             END
A51 MACRO ASSEMBLER  Q4                                                                   12/15/2023 12:41:56 PAGE     2

SYMBOL TABLE LISTING
------ ----- -------


N A M E             T Y P E  V A L U E   ATTRIBUTES

DELAY. . . . . . .  C ADDR   001DH   A   
HERE1. . . . . . .  C ADDR   001FH   A   
HERE2. . . . . . .  C ADDR   0021H   A   
HERE3. . . . . . .  C ADDR   0023H   A   
P0 . . . . . . . .  D ADDR   0080H   A   
RESUB. . . . . . .  C ADDR   0009H   A   
SK . . . . . . . .  C ADDR   0010H   A   
START. . . . . . .  C ADDR   0000H   A   


REGISTER BANK(S) USED: 0 


ASSEMBLY COMPLETE.  0 WARNING(S), 0 ERROR(S)
