C51 COMPILER V9.60.7.0   CONE                                                              12/13/2023 02:39:10 PAGE 1   


C51 COMPILER V9.60.7.0, COMPILATION OF MODULE CONE
OBJECT MODULE PLACED IN .\Objects\Cone.obj
COMPILER INVOKED BY: C:\Keil_v5\C51\BIN\C51.EXE Cone.c OPTIMIZE(8,SPEED) BROWSE DEBUG OBJECTEXTEND PRINT(.\Listings\Cone
                    -.lst) TABS(2) OBJECT(.\Objects\Cone.obj)

line level    source

   1          #include <reg51.h>
   2          
   3          void delay() {
   4   1          unsigned char R7 = 255;
   5   1          unsigned char R6, R5;
   6   1          while (R7 != 0) {
   7   2              R6 = 255;
   8   2              while (R6 != 0) {
   9   3                  R5 = 255;
  10   3                  while (R5 != 0) {
  11   4                      R5--;
  12   4                  }
  13   3                  R6--;
  14   3              }
  15   2              R7--;
  16   2          }
  17   1      }
  18          
  19          void main() {
  20   1          unsigned char A;
  21   1          while (1) {
  22   2              A = 0x9A;
  23   2              A += 0x48;
  24   2              P0 = A;
  25   2              delay();
  26   2              
  27   2              A = 0x7F;
  28   2              A += 0xBC;
  29   2              P0 = A;
  30   2              delay();
  31   2              
  32   2              A = 0x89;
  33   2              A += 0x34;
  34   2              P0 = A;
  35   2              delay();
  36   2              
  37   2              A = 0x00;
  38   2              A = (A << 1) | (A >> 7);
  39   2              P0 = A;
  40   2          }
  41   1      }


MODULE INFORMATION:   STATIC OVERLAYABLE
   CODE SIZE        =     56    ----
   CONSTANT SIZE    =   ----    ----
   XDATA SIZE       =   ----    ----
   PDATA SIZE       =   ----    ----
   DATA SIZE        =   ----    ----
   IDATA SIZE       =   ----    ----
   BIT SIZE         =   ----    ----
END OF MODULE INFORMATION.


C51 COMPILATION COMPLETE.  0 WARNING(S),  0 ERROR(S)
