A51 MACRO ASSEMBLER  ONE                                                                  12/12/2023 02:57:08 PAGE     1


MACRO ASSEMBLER A51 V8.2.7.0
OBJECT MODULE PLACED IN .\Objects\one.obj
ASSEMBLER INVOKED BY: C:\Keil_v5\C51\BIN\A51.EXE one.asm SET(SMALL) DEBUG PRINT(.\Listings\one.lst) OBJECT(.\Objects\one
                      .obj) EP

LOC  OBJ            LINE     SOURCE

0000                   1                     ORG 00H
0000 749A              2     START: MOV A, #9AH
0002 2448              3                ADD A, #48H
0004 F580              4                MOV P0, A
0006 111F              5                ACALL DELAY
0008 747F              6                MOV A, #7FH
000A 34BC              7                ADDC A, #0BCH
000C F580              8                MOV P0, A
000E 111F              9                ACALL DELAY
0010 7489             10                MOV A, #89H
0012 3434             11                ADDC A, #34H
0014 F580             12                MOV P0, A
0016 111F             13                ACALL DELAY
0018 7400             14                MOV A, #00H
001A 33               15                RLC A
001B F580             16                MOV P0, A
001D 0100             17                AJMP START
                      18             
                      19     
001F 7F07             20     DELAY:  MOV R7, #7
0021 7EFF             21     HERE1:  MOV R6, #255
0023 7DFF             22     HERE2:  MOV R5, #255
0025 DDFE             23     HERE3:  DJNZ R5, HERE3
0027 DEFC             24                     DJNZ R6, HERE3
0029 DFFA             25                     DJNZ R7, HERE3
002B 22               26                     RET
                      27                     
                      28                     END
                                             
A51 MACRO ASSEMBLER  ONE                                                                  12/12/2023 02:57:08 PAGE     2

SYMBOL TABLE LISTING
------ ----- -------


N A M E             T Y P E  V A L U E   ATTRIBUTES

DELAY. . . . . . .  C ADDR   001FH   A   
HERE1. . . . . . .  C ADDR   0021H   A   
HERE2. . . . . . .  C ADDR   0023H   A   
HERE3. . . . . . .  C ADDR   0025H   A   
P0 . . . . . . . .  D ADDR   0080H   A   
START. . . . . . .  C ADDR   0000H   A   


REGISTER BANK(S) USED: 0 


ASSEMBLY COMPLETE.  0 WARNING(S), 0 ERROR(S)
