A51 MACRO ASSEMBLER  Q3                                                                   12/15/2023 12:39:40 PAGE     1


MACRO ASSEMBLER A51 V8.2.7.0
OBJECT MODULE PLACED IN .\Objects\q3.obj
ASSEMBLER INVOKED BY: C:\Keil_v5\C51\BIN\A51.EXE q3.asm SET(SMALL) DEBUG PRINT(.\Listings\q3.lst) OBJECT(.\Objects\q3.ob
                      j) EP

LOC  OBJ            LINE     SOURCE

0000                   1                     ORG 00H
0000 7400              2     START:  MOV A, #00H
0002 7B00              3                     MOV R3, #00H
0004 7522FF            4                     MOV 22H, #0FFH
0007 7515DE            5                     MOV 15H, #0DEH
000A A922              6                     MOV R1, 22H
000C A815              7                     MOV R0, 15H
000E 29                8     READD:  ADD A, R1
000F 5001              9                     JNC SKIP
0011 0B               10                     INC R3
0012 D8FA             11     SKIP:   DJNZ R0, READD
0014 F519             12                     MOV 19H, A
0016 F580             13                     MOV P0, A
0018 1122             14                     ACALL DELAY
001A 8B80             15                     MOV P0, R3
001C 8B1A             16                     MOV 1AH, R3
001E 1122             17                     ACALL DELAY
0020 80DE             18                     SJMP START
                      19                     
0022 7F07             20     DELAY:  MOV R7, #7
0024 7EFF             21     HERE1:  MOV R6, #255
0026 7DFF             22     HERE2:  MOV R5, #255
0028 DDFE             23     HERE3:  DJNZ R5, HERE3
002A DEFC             24                     DJNZ R6, HERE3
002C DFFA             25                     DJNZ R7, HERE3
002E 22               26                     RET
                      27     
                      28                     END 
A51 MACRO ASSEMBLER  Q3                                                                   12/15/2023 12:39:40 PAGE     2

SYMBOL TABLE LISTING
------ ----- -------


N A M E             T Y P E  V A L U E   ATTRIBUTES

DELAY. . . . . . .  C ADDR   0022H   A   
HERE1. . . . . . .  C ADDR   0024H   A   
HERE2. . . . . . .  C ADDR   0026H   A   
HERE3. . . . . . .  C ADDR   0028H   A   
P0 . . . . . . . .  D ADDR   0080H   A   
READD. . . . . . .  C ADDR   000EH   A   
SKIP . . . . . . .  C ADDR   0012H   A   
START. . . . . . .  C ADDR   0000H   A   


REGISTER BANK(S) USED: 0 


ASSEMBLY COMPLETE.  0 WARNING(S), 0 ERROR(S)
